// Jest Snapshot v1, https://goo.gl/fbAQLP

exports[`Create Linter without any linter providers installed 1`] = `"No linter providers found. Please install at least one linter provider package."`;

exports[`Create Linter without any linter providers installed and a log level set via constructor parameter 1`] = `"No linter providers found. Please install at least one linter provider package."`;

exports[`Create Linter without any linter providers installed and a log level set via env 1`] = `"No linter providers found. Please install at least one linter provider package."`;
