// Jest Snapshot v1, https://goo.gl/fbAQLP

exports[`Load linter providers when linter provider module isn't available 1`] = `"No linters registered. Please install at least one linter provider package."`;

exports[`Load linter providers with @linter/eslint registered 1`] = `
Set {
  Object {
    "linterFactory": [Function],
    "name": "eslint",
  },
}
`;

exports[`Load linter providers with no registered linter providers file available 1`] = `"No linters registered. Please install at least one linter provider package."`;

exports[`Register and deregister linter providers Deregister @linter/eslint and @linter/prettier 1`] = `
"@linter/prettier
"
`;

exports[`Register and deregister linter providers Deregister @linter/eslint and @linter/prettier 2`] = `
"
"
`;

exports[`Register and deregister linter providers Register @linter/eslint again 1`] = `
"@linter/prettier;@linter/eslint
"
`;

exports[`Register and deregister linter providers Register @linter/eslint and @linter/prettier 1`] = `
"@linter/eslint
"
`;

exports[`Register and deregister linter providers Register @linter/eslint and @linter/prettier 2`] = `
"@linter/prettier;@linter/eslint
"
`;
